\BOOKMARK [0][-]{chapter.1}{\376\377\000I\000n\000l\000e\000d\000n\000i\000n\000g}{}% 1
\BOOKMARK [1][-]{section.1.1}{\376\377\000S\000y\000f\000t\000e}{chapter.1}% 2
\BOOKMARK [1][-]{section.1.2}{\376\377\000F\000o\000r\000s\000k\000n\000i\000n\000g\000s\000f\000r\000\345\000g\000o\000r}{chapter.1}% 3
\BOOKMARK [1][-]{section.1.3}{\376\377\000D\000i\000s\000p\000o\000s\000i\000t\000i\000o\000n}{chapter.1}% 4
\BOOKMARK [0][-]{chapter.2}{\376\377\000B\000a\000k\000g\000r\000u\000n\000d\000\040\000o\000c\000h\000\040\000t\000e\000o\000r\000i}{}% 5
\BOOKMARK [1][-]{section.2.1}{\376\377\000C\000y\000b\000e\000r\000s\000\344\000k\000e\000r\000h\000e\000t\000\040\000i\000\040\000m\000o\000d\000e\000r\000n\000a\000\040\000d\000i\000g\000i\000t\000a\000l\000a\000\040\000s\000y\000s\000t\000e\000m}{chapter.2}% 6
\BOOKMARK [1][-]{section.2.2}{\376\377\000S\000o\000c\000i\000a\000l\000\040\000E\000n\000g\000i\000n\000e\000e\000r\000i\000n\000g\000\040\000s\000o\000m\000\040\000c\000y\000b\000e\000r\000s\000\344\000k\000e\000r\000h\000e\000t\000s\000h\000o\000t}{chapter.2}% 7
\BOOKMARK [1][-]{section.2.3}{\376\377\000P\000s\000y\000k\000o\000l\000o\000g\000i\000s\000k\000a\000\040\000m\000e\000k\000a\000n\000i\000s\000m\000e\000r\000\040\000b\000a\000k\000o\000m\000\040\000s\000o\000c\000i\000a\000l\000\040\000e\000n\000g\000i\000n\000e\000e\000r\000i\000n\000g}{chapter.2}% 8
\BOOKMARK [1][-]{section.2.4}{\376\377\000A\000n\000g\000r\000e\000p\000p\000s\000m\000e\000t\000o\000d\000e\000r\000\040\000o\000c\000h\000\040\000a\000t\000t\000a\000c\000k\000t\000y\000p\000e\000r}{chapter.2}% 9
\BOOKMARK [2][-]{subsection.2.4.1}{\376\377\000N\000\344\000t\000f\000i\000s\000k\000e\000\040\000o\000c\000h\000\040\000s\000p\000j\000u\000t\000f\000i\000s\000k\000e}{section.2.4}% 10
\BOOKMARK [2][-]{subsection.2.4.2}{\376\377\000P\000r\000e\000t\000e\000x\000t\000i\000n\000g\000\040\000o\000c\000h\000\040\000i\000d\000e\000n\000t\000i\000t\000e\000t\000s\000b\000e\000d\000r\000\344\000g\000e\000r\000i}{section.2.4}% 11
\BOOKMARK [2][-]{subsection.2.4.3}{\376\377\000I\000n\000s\000i\000d\000e\000r\000-\000r\000e\000l\000a\000t\000e\000r\000a\000d\000e\000\040\000a\000t\000t\000a\000c\000k\000e\000r}{section.2.4}% 12
\BOOKMARK [0][-]{chapter.3}{\376\377\000S\000o\000c\000i\000a\000l\000\040\000e\000n\000g\000i\000n\000e\000e\000r\000i\000n\000g\000\040\000i\000\040\000p\000r\000a\000k\000t\000i\000k\000e\000n}{}% 13
\BOOKMARK [1][-]{section.3.1}{\376\377\000S\000o\000c\000i\000a\000l\000\040\000e\000n\000g\000i\000n\000e\000e\000r\000i\000n\000g\000\040\000i\000\040\000s\000a\000m\000h\000\344\000l\000l\000s\000k\000r\000i\000t\000i\000s\000k\000a\000\040\000s\000y\000s\000t\000e\000m}{chapter.3}% 14
\BOOKMARK [1][-]{section.3.2}{\376\377\000F\000a\000l\000l\000s\000t\000u\000d\000i\000e\000r\000\040\000a\000v\000\040\000s\000o\000c\000i\000a\000l\000\040\000e\000n\000g\000i\000n\000e\000e\000r\000i\000n\000g\000-\000r\000e\000l\000a\000t\000e\000r\000a\000d\000e\000\040\000i\000n\000c\000i\000d\000e\000n\000t\000e\000r}{chapter.3}% 15
\BOOKMARK [2][-]{subsection.3.2.1}{\376\377\000A\000r\000u\000p\000\040\000d\000e\000e\000p\000f\000a\000k\000e\000-\000b\000e\000d\000r\000\344\000g\000e\000r\000i}{section.3.2}% 16
\BOOKMARK [2][-]{subsection.3.2.2}{\376\377\000U\000S\000A\000:\000s\000\040\000p\000r\000e\000s\000i\000d\000e\000n\000t\000v\000a\000l\000\040\0002\0000\0001\0006}{section.3.2}% 17
\BOOKMARK [1][-]{section.3.3}{\376\377\000K\000o\000n\000s\000e\000k\000v\000e\000n\000s\000e\000r\000\040\000a\000v\000\040\000s\000o\000c\000i\000a\000l\000\040\000e\000n\000g\000i\000n\000e\000e\000r\000i\000n\000g\000-\000a\000t\000t\000a\000c\000k\000e\000r}{chapter.3}% 18
\BOOKMARK [0][-]{chapter.4}{\376\377\000T\000e\000k\000n\000i\000s\000k\000a\000\040\000m\000o\000t\000\345\000t\000g\000\344\000r\000d\000e\000r\000\040\000m\000o\000t\000\040\000s\000o\000c\000i\000a\000l\000\040\000e\000n\000g\000i\000n\000e\000e\000r\000i\000n\000g}{}% 19
\BOOKMARK [1][-]{section.4.1}{\376\377\000I\000d\000e\000n\000t\000i\000f\000i\000e\000r\000i\000n\000g\000\040\000o\000c\000h\000\040\000d\000e\000t\000e\000k\000t\000i\000o\000n\000\040\000a\000v\000\040\000s\000o\000c\000i\000a\000l\000\040\000e\000n\000g\000i\000n\000e\000e\000r\000i\000n\000g\000-\000a\000t\000t\000a\000c\000k\000e\000r}{chapter.4}% 20
\BOOKMARK [1][-]{section.4.2}{\376\377\000A\000r\000t\000i\000f\000i\000c\000i\000e\000l\000l\000\040\000i\000n\000t\000e\000l\000l\000i\000g\000e\000n\000s\000\040\000s\000o\000m\000\040\000f\000\366\000r\000s\000v\000a\000r\000s\000m\000e\000k\000a\000n\000i\000s\000m}{chapter.4}% 21
\BOOKMARK [2][-]{subsection.4.2.1}{\376\377\000A\000n\000v\000\344\000n\000d\000n\000i\000n\000g\000e\000n\000\040\000a\000v\000\040\000m\000a\000s\000k\000i\000n\000i\000n\000l\000\344\000r\000n\000i\000n\000g\000\040\000f\000\366\000r\000\040\000d\000e\000t\000e\000k\000t\000i\000o\000n}{section.4.2}% 22
\BOOKMARK [2][-]{subsection.4.2.2}{\376\377\000B\000e\000g\000r\000\344\000n\000s\000n\000i\000n\000g\000a\000r\000\040\000o\000c\000h\000\040\000r\000i\000s\000k\000e\000r\000\040\000m\000e\000d\000\040\000A\000I}{section.4.2}% 23
\BOOKMARK [1][-]{section.4.3}{\376\377\000A\000u\000t\000e\000n\000t\000i\000s\000e\000r\000i\000n\000g\000\040\000o\000c\000h\000\040\000\345\000t\000k\000o\000m\000s\000t\000k\000o\000n\000t\000r\000o\000l\000l}{chapter.4}% 24
\BOOKMARK [0][-]{chapter.5}{\376\377\000D\000i\000s\000k\000u\000s\000s\000i\000o\000n}{}% 25
\BOOKMARK [0][-]{chapter.6}{\376\377\000S\000l\000u\000t\000s\000a\000t\000s}{}% 26
\BOOKMARK [0][-]{chapter*.4}{\376\377\000K\000\344\000l\000l\000f\000\366\000r\000t\000e\000c\000k\000n\000i\000n\000g}{}% 27
